CGTN,https://0472.org/hls/cgtn.m3u8
CGTN,http://english-livetx.cgtn.com/hls/yypdyyctzb_hd.m3u8
CGTN,http://183.223.157.33:9901/tsfile/live/0017_1.m3u8?key=txiptv&playlive=1&authid=0
CGTN俄语,https://0472.org/hls/cgtne.m3u8
CGTN俄语,http://russian-livews.cgtn.com/hls/LSvexABhNipibK5KRuUkvHZ7220802LSTeze9o8tdFXMHsb1VosgoT220802cd.m3u8
CGTN法语,https://0472.org/hls/cgtnf.m3u8
CGTN法语,http://espanol-liveali.cgtn.com/hls/LSveOGBaBw41Ea7ukkVAUdKQ220802LSTexu6xAuFH8VZNBLE1ZNEa220802cd.m3u8
CGTN纪录,https://0472.org/hls/cgtnd.m3u8
CGTN纪录,https://english-livetx.cgtn.com/hls/yypdjlctzb_hd.m3u8
CGTN西语,https://0472.org/hls/cgtnx.m3u8
CGTN阿语,https://0472.org/hls/cgtna.m3u8
中国交通,http://drive.mxmy.net:8888/udp/239.3.1.188:8001
熊猫直播,https://gcwbndali.v.myalicdn.com/gcwbnd/ipanda1000_2/index.m3u8
直播中国,https://gcalic.v.myalicdn.com/gc/wgw05_1/index.m3u8?contentid=2820180516001
支持作者,https://vd3.bdstatic.com/mda-rkaittm5s06vzzyq/sc/cae_h264/1762869883709304452/mda-rkaittm5s06vzzyq.mp4
兵团卫视,http://183.11.239.36:808/hls/7/index.m3u8
兵团卫视,http://120.76.248.139/live/bfgd/4200000124.m3u8
兵团卫视,http://218.13.170.98:9901/tsfile/live/0115_1.m3u8
海峡卫视,http://8.138.7.223/tv/hxws.m3u8
海峡卫视,http://38.64.72.148:80/hls/modn/list/4009/chunklist0.m3u8
海峡卫视,http://38.64.72.148:80/hls/modn/list/4009/playlist.m3u8
海峡卫视,http://hlsbkmgsplive.miguvideo.com/migu/kailu/haixiaws/57/20230724/01.m3u8?msisdn=&Channel_ID=&ContentId=&HlsSubType=&HlsProfileId=&encrypt=
农林卫视,http://120.76.248.139/live/bfgd/4200000122.m3u8
农林卫视,http://8.138.7.223/【公众号：榴芒电视】/农林卫视.m3u8
农林卫视,http://124.116.183.146:9901/tsfile/live/1004_1.m3u8
农林卫视,http://124.116.183.146:9901/tsfile/live/1004_1.m3u8?key=txiptv&playlive=1&authid=0
延边卫视,http://120.76.248.139/live/bfgd/4200000117.m3u8
延边卫视,http://gmxw.7766.org:808/hls/15/index.m3u8
东方卫视4K,https://bp-resource-dfl.bestv.cn/148/3/video.m3u8
北京卫视4K超,http://183.215.134.239:19901/tsfile/live/0122_1.m3u8?key=txiptv&playlive=1&authid=0
苏州4K,https://tylive.kan0512.com/norecord/csztv4k_4k.m3u8
凤凰电影,http://iot-mqqt.111yao.cn:8080/live/diyp_fhdy.m3u8
龙华电影,https://cdn8.163189.xyz/live/lhdy/stream.m3u8
AMC电影,http://61.221.215.25:8800/hls/43/index.m3u8
1930年代经典电影,https://yylunbo.ottiptv.cc/yy/1356363815
CHC电影,http://183.237.95.108:9901/tsfile/live/1008_1.m3u8?key=txiptv&playlive=0&authid=0
YY果国际电影频道,https://yylunbo.ottiptv.cc/yy/1382627144
东阳影视生活,http://l.cztvcloud.com/channels/lantian/SXdongyang1/720p.m3u8
人在囧途,https://vip.ffzy-play.com/20221018/1953_2d6ba500/index.m3u8
人在囧途之泰囧,https://vip.ffzy-play.com/20221018/1951_47e1adc8/index.m3u8
人在囧途之港囧,https://vip.ffzy-play7.com/20230112/11082_fde1a94d/index.m3u8
倩女幽魂人间道,http://jsmov2.a.yximgs.com/bs3/video-hls/5250634317044855747_hlsb.m3u8
倩女幽魂妖魔道,http://jsmov2.a.yximgs.com/bs3/video-hls/5232901391302199073_hlsb.m3u8
倩女幽魂道道道,http://jsmov2.a.yximgs.com/bs3/video-hls/5216294367991385255_hlsb.m3u8
史诗级科幻电影阿凡达,https://yylunbo.ottiptv.cc/yy/1382735577
周星驰搞笑电影,https://yylunbo.ottiptv.cc/yy/38670875
哈尔滨影视,http://stream.hrbtv.net/yspd/sd/live.m3u8?zheild
国产大片电影,https://yylunbo.ottiptv.cc/yy/1354926655
国内玄幻电影林正英,https://yylunbo.ottiptv.cc/yy/1354932444
夏洛特烦恼国内电影喜剧,https://yylunbo.ottiptv.cc/yy/1354936201
大江大河高分影视推荐,https://yylunbo.ottiptv.cc/yy/1382736806
大进军全集红色系列电影,https://yylunbo.ottiptv.cc/yy/1382745083
安徽影视,https://www.ahtv.cn/folder9000/folder20193?channelIndex=3
寒战,https://vip.ffzy-play6.com/20221019/157_bf0740ee/index.m3u8
岳云鹏宋小宝也来演电影了,https://yylunbo.ottiptv.cc/yy/1354926612
影视小艺,https://yylunbo.ottiptv.cc/yy/1382737886
怪兽马提尼电影,https://goodiptv.club/douyu/9075333
怪医文三块影视剧,https://yylunbo.ottiptv.cc/yy/1354936154
恐怖电影,https://yylunbo.ottiptv.cc/yy/24066336
我不是药神,https://vip.ffzy-play1.com/20221018/478_c3afed66/index.m3u8
拆弹专家1,https://vip.ffzy-online.com/20221015/719_80ff87c2/index.m3u8
拆弹专家2,https://vip.ffzy-online.com/20221015/722_e32c42bc/index.m3u8
末日系列外国电影合集,https://yylunbo.ottiptv.cc/yy/1354889019
林正英经典电影,https://yylunbo.ottiptv.cc/yy/34229877
梅艳芳主演喜剧电影,https://yylunbo.ottiptv.cc/yy/1382735627
爆笑电影王牌大贱谍23,https://yylunbo.ottiptv.cc/yy/1382735556
电影丧尸片,http://live.metshop.top/huya/21059578?cdn=alicdn
电影刘德华,http://live.metshop.top/huya/11342424?cdn=alicdn
电影动作电影,http://live.metshop.top/huya/11602077?cdn=alicdn
电影周星星,http://live.metshop.top/huya/11336587?cdn=alicdn
电影战争片,http://live.metshop.top/huya/21059574?cdn=alicdn
电影搞笑喜剧,http://live.metshop.top/huya/11342423?cdn=alicdn
电影梁家辉,http://live.metshop.top/huya/11342429?cdn=alicdn
电影百团大战,https://yylunbo.ottiptv.cc/yy/1382736871
电影贺岁,http://live.metshop.top/huya/11601971?cdn=alicdn
电影高分动作,http://live.metshop.top/huya/11352884?cdn=alicdn
电影黑豹,https://yylunbo.ottiptv.cc/yy/1382736816
粤语电影丶,https://goodiptv.club/douyu/1226741
精彩动作电影,https://yylunbo.ottiptv.cc/yy/1382736823
精彩动作电影享不停,https://yylunbo.ottiptv.cc/yy/1382736809
经典电影重温,https://yylunbo.ottiptv.cc/yy/1382793140
让子弹飞,https://vip.ffzy-play7.com/20230116/11563_b9f44814/index.m3u8
超精彩系列动作电影,https://yylunbo.ottiptv.cc/yy/1382745096
远去的飞鹰影视剧,https://yylunbo.ottiptv.cc/yy/1354930912
野山鹰影视剧,https://yylunbo.ottiptv.cc/yy/1354932395
韩国电影2,https://stream.ads.ottera.tv/playlist.m3u8?network_id=743
龙门飞甲,http://jsmov2.a.yximgs.com/bs3/video-hls/5203346449046555193_hlsb.m3u8
纪实科教8K,http://111.31.106.140/downflv.brtvcloud.com/8klive/8kliveok.m3u8
北京纪实科教8K,https://gdcucc.v1.mk/gdcucc/brtv8k.m3u8
南国都市,https://tencentplay.gztv.com/live/nanguodushi.m3u8?txSecret=550af55c0ea34ce492748481415b6dfa&txTime=1903e7b17de
四川科教,http://182.150.115.21:8030/pcgacg/pcgacg_0.m3u8
新视觉,http://120.76.248.139/live/bfgd/4200000249.m3u8
纪实科教,http://120.76.248.139/live/bfgd/4200000113.m3u8
广东少儿,http://gmxw.7766.org:808/hls/175/index.m3u8
韩国EBS少儿,http://ebsonairios.ebs.co.kr/ebsutablet500k/tablet500k/playlist.m3u8
黑龙江少儿,https://ls.qingting.fm/live/4972/64k.m3u8
7师傅,https://goodiptv.club/douyu/17732
Hamor丶,https://goodiptv.club/douyu/7829715
Hi欣欣,https://goodiptv.club/douyu/11996166
OneGuy丶,https://goodiptv.club/douyu/9734098
Only丶邵氏,https://goodiptv.club/douyu/4246519
Poison丶冰冰,https://goodiptv.club/douyu/74374
baby丶贝贝,https://goodiptv.club/douyu/431460
dw151295068,https://goodiptv.club/douyu/12655359
gslaini,https://goodiptv.club/douyu/6997954
mn静静nm,https://goodiptv.club/douyu/5668371
sweet夏有甜,https://goodiptv.club/douyu/4808115
一把钢刀镇斗虞,https://goodiptv.club/douyu/7356023
万事通熊猫,https://goodiptv.club/douyu/7812810
万合出品,https://goodiptv.club/douyu/9220456
三国颜老师,https://goodiptv.club/douyu/12253936
伊太刀刀,https://goodiptv.club/douyu/747764
傲娇的超级赛亚人,https://goodiptv.club/douyu/4373285
兔兔MC维辰软桃团,https://goodiptv.club/douyu/8266799
刀刀de食堂,https://goodiptv.club/douyu/6733133
刘少丶7012,https://goodiptv.club/douyu/131977
刘松毅,https://goodiptv.club/douyu/12128227
北京影帝的分身,https://goodiptv.club/douyu/9805480
十七岁的道姑,https://goodiptv.club/douyu/3186217
单纯的顺才少爷,https://goodiptv.club/douyu/10084875
卖女孩滴小姑凉,https://goodiptv.club/douyu/922564
卿离倾心,https://goodiptv.club/douyu/7286439
吸奇侠,https://goodiptv.club/douyu/8986636
堇姑娘,https://goodiptv.club/douyu/297689
奇光主播,https://goodiptv.club/douyu/8009547
奇光主播A,https://goodiptv.club/douyu/12789484
奇光主播q,https://goodiptv.club/douyu/12560807
奇兮兮悄陌,https://goodiptv.club/douyu/953193
女团社颜老师,https://goodiptv.club/douyu/11327316
宋小宝小品,https://goodiptv.club/douyu/9817729
小姐姐不记得,https://goodiptv.club/douyu/3700024
小小天才搞笑视频,https://goodiptv.club/douyu/9419678
小毅主播R,https://goodiptv.club/douyu/12080172
小约翰可汗,https://goodiptv.club/douyu/9738854
崔杋圭五颜一,https://goodiptv.club/douyu/8189873
崔然竣舞台天才,https://goodiptv.club/douyu/113158
师落,https://goodiptv.club/douyu/6911044
开心锤锤动漫,https://goodiptv.club/douyu/9018297
开心麻花经典小品,https://goodiptv.club/douyu/10153463
当幽兰剑遇上链子刀,https://goodiptv.club/douyu/6027991
当燕双鹰遇见李元芳,https://goodiptv.club/douyu/3439096
当铁手团遇到光复社,https://goodiptv.club/douyu/5875025
彼岸心属MADEIN伊藤美优,https://goodiptv.club/douyu/40471
往事vs随风1,https://goodiptv.club/douyu/3113309
徐大sao,https://goodiptv.club/douyu/7107176
怡宝妹妹丶,https://goodiptv.club/douyu/434971
懒猫是只喵,https://goodiptv.club/douyu/260322
成龙历险纪,https://goodiptv.club/douyu/2287949
我们可爱的程程,https://goodiptv.club/douyu/329667
我砸晕了牛顿奥,https://goodiptv.club/douyu/1218414
掌上Club,https://goodiptv.club/douyu/1770806
晴天峡谷柔情,https://goodiptv.club/douyu/12794504
智仗心,https://goodiptv.club/douyu/5635000
武侠剧场,https://goodiptv.club/douyu/9285904
永远快乐的小美女,https://goodiptv.club/douyu/6091425
渔戈兄弟赶海,https://goodiptv.club/douyu/9091847
爱好恐怖片的美男子,https://goodiptv.club/douyu/9280384
牛奶味的梦猪猪,https://goodiptv.club/douyu/5261342
狄胖胖与李乖乖,https://goodiptv.club/douyu/12183882
猫记丶,https://goodiptv.club/douyu/9242659
甜漫妮666,https://goodiptv.club/douyu/1569773
用户1275665728,https://goodiptv.club/douyu/9067836
疯狂小潴潴,https://goodiptv.club/douyu/5522351
疯狂尛潴潴,https://goodiptv.club/douyu/4290711
白了个痴,https://goodiptv.club/douyu/319576
白马飞飞520,https://goodiptv.club/douyu/11756388
科幻Fans布玛,https://goodiptv.club/douyu/3508304
竹叶的熊猫,https://goodiptv.club/douyu/3870925
篮球人物,https://goodiptv.club/douyu/8434598
米尼影院,https://goodiptv.club/douyu/7642724
红鼻子小黑吖,https://goodiptv.club/douyu/5832053
老高与小茉的死忠粉,https://goodiptv.club/douyu/236461
聚聚聚一个月,https://goodiptv.club/douyu/4105989
脑袋大1937,https://goodiptv.club/douyu/7655471
苹果Zei妖,https://goodiptv.club/douyu/2793084
苹果Zei甜,https://goodiptv.club/douyu/1174353
荒野有声书,https://goodiptv.club/douyu/10650322
菠萝屋SpongeBob,https://goodiptv.club/douyu/12400977
菠萝屋的海绵宝宝,https://goodiptv.club/douyu/3949681
萌小鬼,https://goodiptv.club/douyu/3928
蓝翔老三国,https://goodiptv.club/douyu/7459925
蕃薯粥粥煮好了,https://goodiptv.club/douyu/11878141
贾玲经典小品,https://goodiptv.club/douyu/10419541
贾贵队长真男神,https://goodiptv.club/douyu/299854
赵本山经典小品,https://goodiptv.club/douyu/9817716
过往1908,https://goodiptv.club/douyu/8721095
钟意嚼完唔松弟弟边炉,https://goodiptv.club/douyu/8912325
飘洋过海来,https://goodiptv.club/douyu/9548850
鯋鱼辰辰,https://goodiptv.club/douyu/7623292
龙组队长天昊,https://goodiptv.club/douyu/1487654
延边卫视,https://srs.iyb983.cn:443/video/CYS/index.m3u8
延边卫视,https://srs.iyb983.cn/video/CYS/index.m3u8
延边卫视,http://l.cztvcloud.com/channels/lantian/SXxinchang2/720p.m3u8#
安多卫视,https://liveout.xntv.tv/a65jur/96iln2.m3u8
安多卫视,https://liveout.xntv.tv/a65jur/90p2i1.m3u8?zqing
安多卫视,https://liveout.xntv.tv/a65jur/90p2i1.m3u8?zqinghd
七台河新闻综合,http://live.qthnews.org.cn:1935/live/live1/800k/tzwj_video.m3u8
七台河民生社教,http://live.qthnews.org.cn:1935/live/live2/800k/tzwj_video.m3u8
万州三峡移民,http://123.146.162.24:8017/c2F0hmi/1000/live.m3u8
万荣综合,http://60.222.246.220:19433/hls1.m3u8
上虞文化影院,http://l.cztvcloud.com/channels/lantian/SXshangyu2/720p.m3u8
上虞新商都,http://l.cztvcloud.com/channels/lantian/SXshangyu3/720p.m3u8
上虞新闻综合,http://l.cztvcloud.com/channels/lantian/SXshangyu1/720p.m3u8?zzhed
东丰综合,http://stream3.jlntv.cn:80/aac_dfgb/playlist.m3u8
东莞新闻综合,https://stream.sun0769.com/dgrtv1/mp4tv1_800/index.m3u8
东莞生活资讯,https://stream.sun0769.com/dgrtv1/mp4tv2_800/index.m3u8
中华特产,http://120.76.248.139/live/bfgd/4200000158.m3u8
中国蓝新闻,http://ali-m-l.cztv.com/channels/lantian/channel009/1080p.m3u8
临夏州综合,http://play.kankanlive.com/live/1714096320293954.m3u8
临颍综合,http://live.dxhmt.cn:9081/tv/11122-1.m3u8
临颍综合,http://tvpull.dxhmt.cn:9081/tv/11122-1.m3u8?%E5%85%B3%E6%B3%A8%E5%BE%AE%E4%BF%A1%E5%85%AC%E4%BC%97%E5%8F%B7[%E6%99%B4%E5%9B%AD]
义马新闻综合,http://tvpull.dxhmt.cn:9081/tv/11281-1.m3u8
义马新闻综合,http://tvpull.dxhmt.cn:9081/tv/11281-1.m3u8?%E5%85%B3%E6%B3%A8%E5%BE%AE%E4%BF%A1%E5%85%AC%E4%BC%97%E5%8F%B7[%E6%99%B4%E5%9B%AD]
之江纪录,https://ali-m-l.cztv.com/channels/lantian/channel012/1080p.m3u8
之江纪录,https://ali-m-l.cztv.com/channels/lantian/channel12/720p.m3u8
之江纪录,http://ali-m-l.cztv.com/channels/lantian/channel012/1080p.m3u8
之江纪录,http://ali-m-l.cztv.com/channels/lantian/channel12/1080p.m3u8
乐至综合,http://175.155.106.72:89/live1/live1.m3u8
乐至综合,http://175.155.106.72:89/live1/live1.m3u8?zsicd
乐至综合,http://175.155.106.72:89/live1/live1.m3u8?zsicd;http://rmlive.lzxrmtzx.com/live1/live1.m3u8?zsicd
九台综合,http://stream10.jlntv.cn/jiutaitv/sd/live.m3u8
云南娱乐,https://hwapi.yntv.net/62hdvf/q9vs1b.m3u8
云南都市,https://hwapi.yntv.net/62hdvf/rjwt14.m3u8
云和新闻综合,http://l.cztvcloud.com/channels/lantian/SXyunhe1/720p.m3u8
云和新闻综合,http://l.cztvcloud.com/channels/lantian/SXyunhe1/720p.m3u8?zzhed
井研综合,http://tvfile.jyrmt.cn/nmip-media/channellive/channel104452/playlist.m3u8
亳州农村,http://zbbf2.ahbztv.com/live/418.m3u8
亳州农村,http://zbbf2.ahbztv.com/live/418.m3u8?zanhd
什邡新闻,http://live.sfrmt.com:85/live/zhpd.m3u8?zsicd
仁寿综合,https://play.scrstv.com.cn/DT/live.m3u8?auth_key=60001724663204-0-0-c1cc4ded9841ac34f63cdbd3aec647ef
伊犁哈萨克,http://110.153.180.106:55555/out_3/index.m3u8
伊犁哈萨克,http://110.153.180.106:55555/out_3/index.m3u8?zxinjd
伊犁经济法制,http://110.153.180.106:55555/out_4/index.m3u8
伊犁经济法制,http://110.153.180.106:55555/out_4/index.m3u8?zxinjd
伊犁维吾尔,http://110.153.180.106:55555/out_2/index.m3u8
伊犁维吾尔,http://110.153.180.106:55555/out_2/index.m3u8?zxinjd
优优宝贝,http://120.76.248.139/live/bfgd/4200000153.m3u8
余姚姚江文化,https://l.cztvcloud.com/channels/lantian/SXyuyao3/720p.m3u8
余姚姚江文化,http://l.cztvcloud.com/channels/lantian/SXyuyao3/720p.m3u8?zzhed
余姚新闻综合,http://l.cztvcloud.com/channels/lantian/SXyuyao1/720p.m3u8
余姚新闻综合,http://l.cztvcloud.com/channels/lantian/SXyuyao1/720p.m3u8?cWlkPSZzPTg3OWMwYmMyZDMzYTFhZGY3NDQxMjgyYTg1MmUzNTY0JmVzPTE3MDY2Nzc4NzMmdXVpZD0yMjdiY2MzNGNiNGY0MThlYjRiY2IxYzcwNmZjODNkMS02NzQ3NDY2NyZ2PTImYXM9MCZjZG5leF9pZD10eF9waG9uZV9saXZl
余姚综合,https://l.cztvcloud.com/channels/lantian/SXyuyao1/720p.m3u8
余姚综合,http://l.cztvcloud.com/channels/lantian/SXyuyao1/720p.m3u8?zzhed
余姚综合,http://l.cztvcloud.com/channels/lantian/SXyuyao1/720p.m3u8?
余杭未来E,http://l.cztvcloud.com/channels/lantian/SXyuhang3/720p.m3u8
余杭未来E,http://l.cztvcloud.com/channels/lantian/SXyuhang3/720p.m3u8?zzhed
余杭综合,http://l.cztvcloud.com/channels/lantian/SXyuhang1/720p.m3u8
余杭综合,http://l.cztvcloud.com/channels/lantian/SXyuhang1/720p.m3u8?zzhed
偃师新闻,http://tvpull.dxhmt.cn:9081/tv/10381-1.m3u8
偃师新闻,http://tvpull.dxhmt.cn:9081/tv/10381-1.m3u8?wsSecret=df15530a0abec41b14bca00fc96270d1&wsTime=1654956569
光山综合,http://tvpull.dxhmt.cn:9081/tv/11522-1.m3u8
光山综合,http://live.dxhmt.cn:9081/tv/11522-1.m3u8
光山综合,http://tvpull.dxhmt.cn:9081/tv/11522-1.m3u8?%E5%85%B3%E6%B3%A8%E5%BE%AE%E4%BF%A1%E5%85%AC%E4%BC%97%E5%8F%B7[%E6%99%B4%E5%9B%AD]
六安公共,http://ls.qingting.fm/live/1794199.m3u8
六安新闻综合,http://ls.qingting.fm/live/267.m3u8
兰溪新闻综合,http://l.cztvcloud.com/channels/lantian/SXlanxi1/720p.m3u8
兰考新闻,http://tvpull.dxhmt.cn:9081/tv/10225-1.m3u8
兰考新闻,http://live.dxhmt.cn:9081/tv/10225-1.m3u8
兰考新闻,http://tvpull.dxhmt.cn:9081/tv/10225-1.m3u8?%E5%85%B3%E6%B3%A8%E5%BE%AE%E4%BF%A1%E5%85%AC%E4%BC%97%E5%8F%B7[%E6%99%B4%E5%9B%AD]
兰考新闻,http://tvpull.dxhmt.cn:9081/tv/10225-1.m3u8?
兵团五师双河新闻综合,http://liveout.btzx.com.cn/62ds9e/4nxdih.m3u8?fbl=
兵团八师石河子新闻综合,http://124.88.144.73:1935/live/xwzh/playlist.m3u8?zxinjd
内乡综合,http://tvpull.dxhmt.cn:9081/tv/11325-1.m3u8?%E5%85%B3%E6%B3%A8%E5%BE%AE%E4%BF%A1%E5%85%AC%E4%BC%97%E5%8F%B7[%E6%99%B4%E5%9B%AD]
内蒙经济,https://ls.qingting.fm/live/1885/64k.m3u8
内黄综合,http://tvpull.dxhmt.cn:9081/tv/10527-1.m3u8
内黄综合,http://tvpull.dxhmt.cn:9081/tv/10527-1.m3u8?wsSecret=df15530a0abec41b14bca00fc96270d1&wsTime=1654956569
内黄综合,http://tvpull.dxhmt.cn:9081/tv/10527-1.m3u8?zhend
剑阁综合,https://m3u8.channel.dzsm.com/nmip-media/channellive/channel105549/playlist.m3u8
南国都市,http://tencentplay.gztv.com/live/nanguodushi.m3u8?txSecret=140110ae3d6c936a77f94c4f4d85b0d3&txTime=18d57929bd4
卫辉综合,http://tvpull.dxhmt.cn:9081/tv/10781-1.m3u8
卫辉综合,http://live.dxhmt.cn:9081/tv/10781-1.m3u8
卫辉综合,http://tvpull.dxhmt.cn:9081/tv/10781-1.m3u8?%E5%85%B3%E6%B3%A8%E5%BE%AE%E4%BF%A1%E5%85%AC%E4%BC%97%E5%8F%B7[%E6%99%B4%E5%9B%AD]
卫辉综合,http://tvpull.dxhmt.cn:9081/tv/10781-1.m3u8?zhend
双辽综合,http://stream3.jlntv.cn:80/aac_slgb/playlist.m3u8
叙州新闻综合,http://pili-live-hls.ybcxjd.com/jdh-live/2108111201035597.m3u8?zsicd
古县综合,https://l2fpdktp.live.sxmty.com/live/hls/e4c3b363cc4549788e2d983f403e07db/d99ce1eb686e41b9afc888110bd95aa7.m3u8?zshanxd
可克达拉综合,http://file.loulannews.cn/nmip-media/channellive/channel103824/playlist.m3u8
叶县,http://tvpull.dxhmt.cn:9081/tv/10422-1.m3u8
叶县,http://tvpull.dxhmt.cn:9081/tv/10422-1.m3u8#
合肥新闻,http://112.27.235.94:8000/hls/18/index.m3u8
吉林乡村,https://satellitepull.cnr.cn/live/wxjlxcgb/playlist.m3u8
名山综合,https://m3u8channel-bx.yunxya.com/nmip-media/channellive/channel104666/playlist.m3u8
周口扶沟,http://live.dxhmt.cn:9081/tv/11621-1.m3u8
哈密一套,https://tvpull.hmgbtv.com/hmtv/channel9cd66b3d5d258b2b.flv
哈密三套,https://tvpull.hmgbtv.com/hmtv/channelfb0e5c505477aa44/playlist.m3u8
哈密二套,https://tvpull.hmgbtv.com/hmtv/channel108259412c6a6711/playlist.m3u8
哈尔滨娱乐,https://stream.hrbtv.net/ylpd/sd/live.m3u8
哈尔滨娱乐,http://stream.hrbtv.net/ylpd/sd/live.m3u8?zheild
哈尔滨新闻综合,http://stream.hrbtv.net/xwzh/sd/live.m3u8?zheild
哈尔滨生活,http://111.43.126.240:9003/hls/3/index.m3u8
哈尔滨资讯,http://stream.hrbtv.net/zxpd/sd/live.m3u8
哈尔滨都市咨询,http://stream.hrbtv.net/zxpd/sd/live.m3u8?zheild
唐河一套,http://tvpull.dxhmt.cn:9081/tv/11328-1.m3u8
唐河一套,http://tvpull.dxhmt.cn:9081/tv/11328-1.m3u8?zhend#http://tvpull.dxhmt.cn:9081/tv/11328-1.m3u8
唐河一套,http://tvpull.dxhmt.cn:9081/tv/11328-1.m3u8?zhend
嘉兴新闻综合,http://tvfile.jyrmt.cn:80/nmip-media/channellive/channel104452/playlist.m3u8
嘉兴新闻综合,http://live.zohi.tv/video/s10001-fztv-1/index.m3u8
嘉峪关综合,http://play.kankanlive.com/live/1720583434627241.m3u8
四海钓鱼,http://120.76.248.139/live/bfgd/4200000229.m3u8
固始综合,http://tvpull.dxhmt.cn:9081/tv/11525-1.m3u8
固始综合,http://live.dxhmt.cn:9081/tv/11525-1.m3u8
固始综合,http://tvpull.dxhmt.cn:9081/tv/11525-1.m3u8?%E5%85%B3%E6%B3%A8%E5%BE%AE%E4%BF%A1%E5%85%AC%E4%BC%97%E5%8F%B7[%E6%99%B4%E5%9B%AD]
固镇新闻,http://www.guzhenm.com:7001/hls/hd-live.m3u8?%E5%85%B3%E6%B3%A8%E5%BE%AE%E4%BF%A1%E5%85%AC%E4%BC%97%E5%8F%B7[%E6%99%B4%E5%9B%AD]
大宁综合,http://live.daningtv.com/aac_dngb/playlist.m3u8
天祝综合,https://play.kankanlive.com/live/1656487214793905.m3u8
太谷新闻综合,https://p2.vzan.com/slowlive/596867413819827251/live.m3u8?zbid=1725814272&tpid=1516989100&type=0
太谷新闻综合,https://p2.vzan.com/slowlive/596867413819827251/live.m3u8?zbid=1725814272&amp;tpid=1516989100&amp;type=0
夹江新闻综合,http://tvfile.jjrm.org.cn/nmip-media/channellive/channel106282/playlist.m3u8?zsicd
奎屯哈萨克语,http://218.84.12.186:8002/hls/main/playlist.m3u8?zxinjd
宁夏经济,https://ls.qingting.fm/live/1841/64k.m3u8
安徽国际,https://www.ahtv.cn/folder9000/folder20193?channelIndex=6
安徽导视,http://dspdhls.appcoo.com:8888/live/dspd/index.m3u8
安顺新闻,http://hplayer1.juyun.tv/camera/154379194.m3u8
安顺新闻,https://ls.qingting.fm/live/5022203/64k.m3u8
定襄综合,http://lbyzztfe.live.sxmty.com/live/hls/645ff4c60e0a49f0a203abbd73dd8be9/0720e665f10f48e98c9639f4f492fb4a-1.m3u8?zshanxd
宜阳综合,http://tvpull.dxhmt.cn:9081/tv/10327-1.m3u8
宜阳综合,http://live.dxhmt.cn:9081/tv/10327-1.m3u8
宜阳综合,http://tvpull.dxhmt.cn:9081/tv/10327-1.m3u8?wsSecret=df15530a0abec41b14bca00fc96270d1&wsTime=1654956569
宜阳综合,http://tvpull.dxhmt.cn:9081/tv/10327-1.m3u8?zhend
宝丰综合,http://tvpull.dxhmt.cn:9081/tv/10421-1.m3u8
宝丰综合,http://live.dxhmt.cn:9081/tv/10421-1.m3u8
宝丰综合,http://tvpull.dxhmt.cn:9081/tv/10421-1.m3u8?%E5%85%B3%E6%B3%A8%E5%BE%AE%E4%BF%A1%E5%85%AC%E4%BC%97%E5%8F%B7[%E6%99%B4%E5%9B%AD]
宝丰综合,http://tvpull.dxhmt.cn:9081/tv/10421-1.m3u8?zhend
宿州新闻综合,http://live.ahsz.tv/video/s10001-szzh/index.m3u8
屏边综合,http://live.ynurl.com/video/s10040-pbzh/index.m3u8?zyund
峨山电视,http://live.ynurl.com/video/s10034-ESTV/index.m3u8?zyund
嵊州新闻综合,http://l.cztvcloud.com/channels/lantian/SXshengzhou1/720p.m3u8?zzhed#http://l.cztvcloud.com/channels/lantian/SXshengzhou1/720p.m3u8
嵊泗综合,http://l.cztvcloud.com/channels/lantian/SXshengsi1/720p.m3u8
嵊泗综合,http://l.cztvcloud.com/channels/lantian/SXshengzhou1/720p.m3u8?zzhed
嵩县综合新闻,http://tvpull.dxhmt.cn:9081/tv/10325-1.m3u8?zhendhttp://wshls.live.migucloud.com/live/MZCYG799_C0/playlist.m3u8?zhend
巩义新闻综合,http://tvpull.dxhmt.cn:9081/tv/10181-1.m3u8
巩义新闻综合,http://tvpull.dxhmt.cn:9081/tv/10181-1.m3u8?zhend
巩义新闻综合,http://tvpull.dxhmt.cn:9081/tv/10181-1.m3u8?zhend?
平湖新闻综合,http://play-sh13.quklive.com/live/1690167908295069.m3u8?auth_key=2027466211-f190eec410c24473825cbe1d8541e545-0-f21db57ae1b534802c1cf7be86cc3aef
平湖新闻综合,http://l.cztvcloud.com/channels/lantian/SXpinghu1/720p.m3u8?zzhed
平湖民生休闲,http://l.cztvcloud.com/channels/lantian/SXpinghu2/720p.m3u8
平湖民生休闲,http://l.cztvcloud.com/channels/lantian/SXpinghu2/720p.m3u8?zzhed
广元公共,https://m3u8.channel.dzsm.com/nmip-media/channellive/channel101257/playlist.m3u8
广元综合,https://m3u8.channel.dzsm.com/nmip-media/channellive/channel100999/playlist.m3u8
广安公共,http://live1.gatv.com.cn:85/live/GGPD.m3u8
广安公共,http://live1.gatv.com.cn:85/live/GGPD_ggpdzm.m3u8
广安公共,http://live1.gatv.com.cn:85/live/GGPD_ggpdzm.m3u8?zsicd
广州新闻,http://tencentplay.gztv.com/live/xinwen.m3u8?txSecret=d2c2db0b598c02ec1b5623728434d367&txTime=18d57929bd3
庆元新闻综合,http://l.cztvcloud.com/channels/lantian/SXqingyuan1/720p.m3u8?fbl=
庆元综合,http://l.cztvcloud.com/channels/lantian/SXqingyuan1/720p.m3u8
庆元综合,http://l.cztvcloud.com/channels/lantian/SXqingyuan1/720p.m3u8?zzhed?
延边2,http://stream5.jlntv.cn/wq/playlist.m3u8
开化国家公园,http://l.cztvcloud.com/channels/lantian/SXkaihua2/720p.m3u8?zzhed#http://l.cztvcloud.com/channels/lantian/SXkaihua2/720p.m3u8zzhed#http://l.cztvcloud.com/channels/lantian/SXkaihua2/720p.m3u8
开化国家公园,http://l.cztvcloud.com/channels/lantian/SXkaihua2/720p.m3u8zzhed
开化国家公园,http://l.cztvcloud.com/channels/lantian/SXkaihua2/720p.m3u8?zzhed
开化新闻综合,http://l.cztvcloud.com/channels/lantian/SXkaihua1/720p.m3u8?zzhed
开封文化旅游,http://tvpull.dxhmt.cn:9081/tv/10200-3.m3u8
开封文化旅游,http://tvpull.dxhmt.cn:9081/tv/10200-3.m3u8?zhend
开封文化旅游,http://tvpull.dxhmt.cn:9081/tv/10200-3.m3u8?zhend,
开封新闻综合,http://tvpull.dxhmt.cn:9081/tv/10200-2.m3u8?zhend
开远综合,http://live.ynurl.com/video/s10044-KYTV/index.m3u8?zyund
德惠综合,http://stream11.jlntv.cn/dehuitv/sd/live.m3u8
成县综合,https://play.kankanlive.com/live/1702454377323961.m3u8
扶沟综合,http://tvpull.dxhmt.cn:9081/tv/11621-1.m3u8
扶沟综合,http://tvpull.dxhmt.cn:9081/tv/11621-1.m3u8?%E5%85%B3%E6%B3%A8%E5%BE%AE%E4%BF%A1%E5%85%AC%E4%BC%97%E5%8F%B7[%E6%99%B4%E5%9B%AD]
扶沟综合,http://tvpull.dxhmt.cn:9081/tv/11621-1.m3u8?zhend
敦化一套,http://stream8.jlntv.cn/dhtv/playlist.m3u8
数码时代,http://ali-m-l.cztv.com/channels/lantian/channel12/720p.m3u8?zzhed
文山州公共,http://m3u8.channel.wsrtv.com.cn/cms/videos/nmip-media/channellive/channel8/playlist.m3u8
文山州公共,http://m3u8.channel.wsrtv.com.cn/cms/videos/nmip-media/channellive/channel8/playlist.m3u8?zyund
文山州新闻综合,http://m3u8.channel.wsrtv.com.cn/cms/videos/nmip-media/channellive/channel7/playlist.m3u8?zyund
文成新闻综合,http://l.cztvcloud.com/channels/lantian/SXwencheng1/720p.m3u8
文成综合,http://l.cztvcloud.com/channels/lantian/SXwencheng1/720p.m3u8?zzhed
新乡县电视台,http://tvpull.dxhmt.cn:9081/tv/10721-1.m3u8?%E5%85%B3%E6%B3%A8%E5%BE%AE%E4%BF%A1%E5%85%AC%E4%BC%97%E5%8F%B7[%E6%99%B4%E5%9B%AD]
新县综合,http://tvpull.dxhmt.cn:9081/tv/11523-1.m3u8
新县综合,http://live.dxhmt.cn:9081/tv/11523-1.m3u8
新县综合,http://tvpull.dxhmt.cn:9081/tv/11523-1.m3u8?%E5%85%B3%E6%B3%A8%E5%BE%AE%E4%BF%A1%E5%85%AC%E4%BC%97%E5%8F%B7[%E6%99%B4%E5%9B%AD]
新安新闻综合,http://tvpull.dxhmt.cn:9081/tv/10323-1.m3u8
新安新闻综合,http://tvpull.dxhmt.cn:9081/tv/10323-1.m3u8?%E5%85%B3%E6%B3%A8%E5%BE%AE%E4%BF%A1%E5%85%AC%E4%BC%97%E5%8F%B7[%E6%99%B4%E5%9B%AD]
新安新闻综合,http://tvpull.dxhmt.cn:9081/tv/10323-1.m3u8?zhend
新昌新闻综合,https://l.cztvcloud.com/channels/lantian/SXxinchang1/720p.m3u8
新昌生活,http://l.cztvcloud.com/channels/lantian/SXxinchang2/720p.m3u8
新蔡综合,http://tvpull.dxhmt.cn:9081/tv/11729-1.m3u8
新蔡综合,http://live.dxhmt.cn:9081/tv/11729-1.m3u8
新蔡综合,http://tvpull.dxhmt.cn:9081/tv/11729-1.m3u8?%E5%85%B3%E6%B3%A8%E5%BE%AE%E4%BF%A1%E5%85%AC%E4%BC%97%E5%8F%B7[%E6%99%B4%E5%9B%AD]
新蔡综合,http://tvpull.dxhmt.cn:9081/tv/11729-1.m3u8?zhend
新野综合,http://tvpull.dxhmt.cn:9081/tv/11329-1.m3u8
新野综合,http://tvpull.dxhmt.cn:9081/tv/11329-1.m3u8?zhend
新野综合,http://tvpull.dxhmt.cn:9081/tv/11329-1.m3u8?zhend?
方城一套,http://tvpull.dxhmt.cn:9081/tv/11322-1.m3u8
方城一套,http://tvpull.dxhmt.cn:9081/tv/11322-1.m3u8?zhend
施甸综合,http://live.ynurl.com/video/s10048TV/index.m3u8?zyund
旺苍新闻综合,http://channel.wcrmt.cn:80/nmip-media/channellive/channel105268/playlist.m3u8
旺苍新闻综合,http://live.spccmc.com:90/live/spxwzh.m3u8?%E5%85%B3%E6%B3%A8%E5%BE%AE%E4%BF%A1%E5%85%AC%E4%BC%97%E5%8F%B7[%E6%99%B4%E5%9B%AD]
易门综合,https://zb-live.ynurl.com/yimen/3b75a2f9-7941-46b7-992d-a9796fbca5fe.m3u8
普陀新闻综合,http://l.cztvcloud.com/channels/lantian/SXputuo1/720p.m3u8
普陀电视台,https://l.cztvcloud.com/channels/lantian/SXputuo1/720p.m3u8
景泰综合,https://play.kankanlive.com/live/1624439143745981.m3u8?zgand
朝天综合,https://m3u8.channel.dzsm.com/nmip-media/channellive/channel104601/playlist.m3u8
松潘新闻综合,http://live.spccmc.com:90/live/spxwzh.m3u8
松潘新闻综合,http://live.spccmc.com:90/live/spxwzh.m3u8?zsicd
松阳综合,http://l.cztvcloud.com/channels/lantian/SXsongyang1/720p.m3u8
松阳综合,http://l.cztvcloud.com/channels/lantian/SXsongyang1/720p.m3u8?zzhed?
柳河综合,http://stream3.jlntv.cn:80/aac_lhgb/sd/live.m3u8
桦甸综合,http://stream9.jlntv.cn:80/aac_huadiangb/playlist.m3u8
梁河综合,http://live.ynurl.com/video/s10032-lhtv/index.m3u8?zyund
梅河口综合,http://stream3.jlntv.cn:80/aac_mhkgb/playlist.m3u8
梨园,https://dxtx.hntv.tv/live/lypd.m3u8?txSecret=10c771842a0be59e8b575d765173ec96&txTime=7B923E0A&wsSecret=41543190cdf375f1c73207222bb96542&wsTime=1769313549
武义新闻综合,http://l.cztvcloud.com/channels/lantian/SXwuyi1/720p.m3u8
武义新闻综合,http://l.cztvcloud.com/channels/lantian/SXwuyi1/720p.m3u8?zzhed
武乡新闻综合,http://uzoiczhh.live.sxmty.com/live/hls/0d41f1480c4042d49927858f01fde707/53130407737b417b9a6259b57246bae3.m3u8?zshanxd
武威新闻,https://play.kankanlive.com/live/1693539781636986.m3u8
永嘉新闻综合,http://l.cztvcloud.com/channels/lantian/SXyongjia1/720p.m3u8
永城综合,http://tvpull.dxhmt.cn:9081/tv/11481-1.m3u8
永昌综合,http://play.kankanlive.com/live/1720408280309109.m3u8
永昌综合,https://play.kankanlive.com/live/1652755738635915.m3u8
江川综合,http://live.ynurl.com/video/s10037-JCTV/index.m3u8?zyund
汪清综合,http://stream5.jlntv.cn/wq/sd/live.m3u8
汶川新闻综合,http://live.iwcmt.cn:90/live/zhxw.m3u8
汶川新闻综合,http://live.iwcmt.cn:90/live/zhxw.m3u8?zsicd
汶川新闻综合,http://file.ysxtv.cn/cms/videos/nmip-media/channellive/channel4/playlist.m3u8?zsicd#rtmp://tv.mcrm.org.cn:1935/channellive/tv01
沁阳新闻综合,http://tvpull.dxhmt.cn:9081/tv/10882-1.m3u8
沐川综合,http://file.ysxtv.cn/cms/videos/nmip-media/channellive/channel4/playlist.m3u8?zsicd
河源公共,http://tmpstream.hyrtv.cn/hygg/sd/live.m3u8
河源综合,http://tmpstream.hyrtv.cn/xwzh/sd/live.m3u8
泌阳新闻综合,http://tvpull.dxhmt.cn:9081/tv/11726-1.m3u8
泌阳新闻综合,http://live.dxhmt.cn:9081/tv/11726-1.m3u8
泌阳新闻综合,http://tvpull.dxhmt.cn:9081/tv/11726-1.m3u8?%E5%85%B3%E6%B3%A8%E5%BE%AE%E4%BF%A1%E5%85%AC%E4%BC%97%E5%8F%B7[%E6%99%B4%E5%9B%AD]
泸县新闻综合,http://lxfile.lxxcb.cn/nmip-media/channellive/channel103799/playlist.m3u8
泸县新闻综合,http://lxfile.lxxcb.cn:80/nmip-media/channellive/channel103799/playlist.m3u8
泸县新闻综合,https://m3u8channel.ganzitv.com/nmip-media/channellive/channel1/playlist.m3u8
泸县新闻综合,http://lxfile.lxxcb.cn/nmip-media/channellive/channel103799/playlist.m3u8?zsicd
洞头综合,http://l.cztvcloud.com/channels/lantian/SXdongtou1/720p.m3u8
洞头综合,http://l.cztvcloud.com/channels/lantian/SXdongtou1/720p.m3u8?zzhed?
济源电视一套,http://tvpull.dxhmt.cn:9081/tv/19001-1.m3u8
济源电视一套,http://tvpull.dxhmt.cn:9081/tv/19001-1.m3u8?zhend
浙江国际,https://ali-m-l.cztv.com/channels/lantian/channel010/1080p.m3u8
浙江国际,http://ali-xwl.cztv.com/live/channel101080Plxw.m3u8
浙江国际,http://ali-xwl.cztv.com/live/channel10720Plxw.m3u8
浙江国际,http://ali-m-l.cztv.com/channels/lantian/channel010/720p.m3u8
浙江国际,http://ali-m-l.cztv.com/channels/lantian/channel010/1080p.m3u8
浙江教科,http://ali-m-l.cztv.com/channels/lantian/channel004/1080p.m3u8
浙江经济,http://ali-m-l.cztv.com/channels/lantian/channel03/720p.m3u8
浙江经济,http://ali-m-l.cztv.com/channels/lantian/channel003/1080p.m3u8
浙江经济,https://ali-m-l.cztv.com/channels/lantian/channel003/1080p.m3u8?
海南新闻,http://ls.qingting.fm/live/1861.m3u8
海宁新闻综合,https://p2hs.vzan.com/slowlive/317913155078575177/live.m3u8
淅川电视,http://live.dxhmt.cn:9081/tv/11326-1.m3u8
渑池新闻综合,http://tvpull.dxhmt.cn:9081/tv/11221-1.m3u8
渑池新闻综合,http://live.dxhmt.cn:9081/tv/11221-1.m3u8
渑池新闻综合,http://tvpull.dxhmt.cn:9081/tv/11221-1.m3u8?%E5%85%B3%E6%B3%A8%E5%BE%AE%E4%BF%A1%E5%85%AC%E4%BC%97%E5%8F%B7[%E6%99%B4%E5%9B%AD]
温县综合,http://tvpull.dxhmt.cn:9081/tv/10825-1.m3u8
温县综合,http://live.dxhmt.cn:9081/tv/10825-1.m3u8
温县综合,http://tvpull.dxhmt.cn:9081/tv/10825-1.m3u8?zhend
温县综合,http://tvpull.dxhmt.cn:9081/tv/10825-1.m3u8?zhend?
湖州公共民生,http://hzcm-live.media.hugd.com/1e6b554b9ab74513958c0e1ffe664d22/9acaa7634309494cb29a85eb12136607.m3u8?auth_key=2272900830-9a2389b8bf4e49d580d4ad807423d326-0-ea78a5c7a678c436263582d368f5009e
湖州文化娱乐,http://hzcm-live.media.hugd.com/613c47f0ab0d4eaa98b21378d0db6ded/0051d31c9dd543a7825eea4e49675b2a.m3u8?auth_key=2277598059-0a5ebfa1c0dc4671b42a60810fc37039-0-fa625b7d1feab612062453c12e3c8887
湖州新闻综合,http://hzcm-live.media.hugd.com/3f5fa7d64c7c46a38c6bd8ad35e836cc/65128273761b4731ae53729ea6dcf932.m3u8?auth_key=2277598215-9d21c15111244bea8d298c361d31a72e-0-d031198f58d44b0e91ba2e3f3b188865
滑县新闻,http://tvpull.dxhmt.cn:9081/tv/10526-1.m3u8?%E5%85%B3%E6%B3%A8%E5%BE%AE%E4%BF%A1%E5%85%AC%E4%BC%97%E5%8F%B7[%E6%99%B4%E5%9B%AD]
潢川综合,http://tvpull.dxhmt.cn:9081/tv/11526-1.m3u8
潢川综合,http://live.dxhmt.cn:9081/tv/11526-1.m3u8
潢川综合,http://tvpull.dxhmt.cn:9081/tv/11526-1.m3u8?%E5%85%B3%E6%B3%A8%E5%BE%AE%E4%BF%A1%E5%85%AC%E4%BC%97%E5%8F%B7[%E6%99%B4%E5%9B%AD]
灵宝新闻综合,http://tvpull.dxhmt.cn:9081/tv/11282-1.m3u8?zhend
玛纳斯综合,http://218.84.127.245:1026/hls/main1/playlist.m3u8?zxinjd,
环球旅游,http://120.76.248.139/live/bfgd/4200000147.m3u8
瑞丽综合,http://live.ynurl.com/video/s10021-rltv/index.m3u8?zyund
璧山综合,http://222.179.42.129:8181/hls1.m3u8
甘孜综合,http://tv.drs.ganzitv.com:8100/channellive/gztv.flv
甘肃经济,https://satellitepull.cnr.cn/live/wxgshhzs/playlist.m3u8
甘肃都市,https://satellitepull.cnr.cn/live/wxgsdstb/playlist.m3u8
生态环境,http://120.76.248.139/live/bfgd/4200000149.m3u8
番禺综合,http://video.epaper.pybtv.cn:8080/live/rtmp_live_demo.flv
登封综合,http://tvpull.dxhmt.cn:9081/tv/10185-1.m3u8
登封综合,http://live.dxhmt.cn:9081/tv/10185-1.m3u8
登封综合,http://tvpull.dxhmt.cn:9081/tv/10185-1.m3u8?%E5%85%B3%E6%B3%A8%E5%BE%AE%E4%BF%A1%E5%85%AC%E4%BC%97%E5%8F%B7[%E6%99%B4%E5%9B%AD]
白银综合,http://play.kankanlive.com/live/1720408089419110.m3u8
白银综合,https://play.kankanlive.com/live/1720408089419110.m3u8
盈江综合,http://live.ynurl.com/video/s10016-YJTV-2/index.m3u8?zyund
石屏综合,http://live.ynurl.com/video/s10059-SPTV/index.m3u8?zyund
砚山电视台,http://live.ynurl.com/video/s10020-ystv/index.m3u8?zyund
磐石综合,http://stream3.jlntv.cn:80/aac_psgb/sd/live.m3u8
祁县新闻综合,http://ggpagerl.live.sxmty.com/live/hls/b350dc1ac5da45c2b2233f6eb122ddf4/49d3766c7f204685a2a8f027b234c33d.m3u8?zshanxd
祁门综合,http://zbbf2.ahbztv.com/live/416.m3u8?zanhd
禹州综合,http://tvpull.dxhmt.cn:9081/tv/11081-1.m3u8?%E5%85%B3%E6%B3%A8%E5%BE%AE%E4%BF%A1%E5%85%AC%E4%BC%97%E5%8F%B7[%E6%99%B4%E5%9B%AD]
秦安综合,https://play.kankanlive.com/live/1680577080200944.m3u8
秦安综合,https://play.kankanlive.com/live/1659926941626981.m3u8
绍兴公共,http://live.shaoxing.com.cn/video/s10001-sxtv2/index.m3u8
腾冲综合,http://live.ynurl.com/video/s10012-TCTV/index.m3u8?zyund
舒兰新闻综合,http://stream8.jlntv.cn/shulan/sd/live.m3u8?_upt=332db6421699196585
芒市综合,http://live.ynurl.com/video/s10001-mstv1/index.m3u8?zyund
茶频道,http://drive.mxmy.net:8888/udp/239.3.1.165:8001
荥经综合,https://m3u8channel-yj.yunxya.com/nmip-media/channellive/channel101140/playlist.m3u8
荥经综合,http://file.ysxtv.cn/cms/videos/nmip-media/channellive/channel4/playlist.m3u8
荥经综合,https://file.ysxtv.cn/nmip-media/channellive/channel101492/playlist.m3u8
荥阳综合,http://tvpull.dxhmt.cn:9081/tv/10182-1.m3u8
荥阳综合,http://tvpull.dxhmt.cn:9081/tv/10182-1.m3u8?wsSecret=df15530a0abec41b14bca00fc96270d1&wsTime=1654956569
荥阳综合,http://tvpull.dxhmt.cn:9081/tv/10182-1.m3u8?zhend
营山电视台,http://file.ysxtv.cn/cms/videos/nmip-media/channellive/channel4/playlist.m3u8?zsicd#http://file.ysxtv.cn/cms/videos/nmip-media/channellive/channel4/playlist.m3u8
